[debug] [2026-09-08T05:03:15.567Z] ----------------------------------------------------------------------
[debug] [2026-09-08T05:03:15.569Z] Command:       C:\Program Files\nodejs\node.exe C:\Users\Dell\AppData\Roaming\npm\node_modules\firebase-tools\lib\bin\firebase.js deploy --only hosting
[debug] [2026-09-08T05:03:15.569Z] CLI Version:   15.24.0
[debug] [2026-09-08T05:03:15.570Z] Platform:      win32
[debug] [2026-09-08T05:03:15.570Z] Node Version:  v24.13.0
[debug] [2026-09-08T05:03:15.570Z] Detected Agent: antigravity
[debug] [2026-09-08T05:03:15.570Z] Time:          Tue Sep 08 2026 08:03:15 GMT+0300 (توقيت شرق أوروبا الصيفي)
[debug] [2026-09-08T05:03:15.570Z] ----------------------------------------------------------------------
[debug] 
[debug] [2026-09-08T05:03:17.326Z] > command requires scopes: ["email","openid","https://www.googleapis.com/auth/cloudplatformprojects.readonly","https://www.googleapis.com/auth/firebase","https://www.googleapis.com/auth/cloud-platform"]
[debug] [2026-09-08T05:03:17.326Z] > authorizing via signed-in user (abdulrahman.nasser.professional@gmail.com)
[debug] [2026-09-08T05:03:17.327Z] [iam] checking project elkhotta for permissions ["firebase.projects.get","firebasehosting.sites.update"]
[debug] [2026-09-08T05:03:17.339Z] Checked if tokens are valid: true, expires at: 1788847138930
[debug] [2026-09-08T05:03:17.339Z] Checked if tokens are valid: true, expires at: 1788847138930
[debug] [2026-09-08T05:03:17.340Z] >>> [apiv2][query] POST https://cloudresourcemanager.googleapis.com/v1/projects/elkhotta:testIamPermissions [none]
[debug] [2026-09-08T05:03:17.340Z] >>> [apiv2][(partial)header] POST https://cloudresourcemanager.googleapis.com/v1/projects/elkhotta:testIamPermissions  x-goog-user-project=elkhotta
[debug] [2026-09-08T05:03:17.340Z] >>> [apiv2][body] POST https://cloudresourcemanager.googleapis.com/v1/projects/elkhotta:testIamPermissions {"permissions":["firebase.projects.get","firebasehosting.sites.update"]}
[debug] [2026-09-08T05:03:17.695Z] <<< [apiv2][status] POST https://cloudresourcemanager.googleapis.com/v1/projects/elkhotta:testIamPermissions 200
[debug] [2026-09-08T05:03:17.695Z] <<< [apiv2][body] POST https://cloudresourcemanager.googleapis.com/v1/projects/elkhotta:testIamPermissions {"permissions":["firebase.projects.get","firebasehosting.sites.update"]}
[debug] [2026-09-08T05:03:17.696Z] Checked if tokens are valid: true, expires at: 1788847138930
[debug] [2026-09-08T05:03:17.696Z] Checked if tokens are valid: true, expires at: 1788847138930
[debug] [2026-09-08T05:03:17.696Z] >>> [apiv2][query] GET https://firebase.googleapis.com/v1beta1/projects/elkhotta [none]
[debug] [2026-09-08T05:03:18.076Z] <<< [apiv2][status] GET https://firebase.googleapis.com/v1beta1/projects/elkhotta 200
[debug] [2026-09-08T05:03:18.076Z] <<< [apiv2][body] GET https://firebase.googleapis.com/v1beta1/projects/elkhotta {"projectId":"elkhotta","projectNumber":"458941220534","displayName":"EL-kheta","name":"projects/elkhotta","resources":{"hostingSite":"elkhotta","realtimeDatabaseInstance":"elkhotta-default-rtdb"},"state":"ACTIVE","labels":{"firebase":"enabled"},"etag":"1_d84e9cc8-252f-4cdf-b55d-f84b3ca5b3be"}
[info] 
[info] === Deploying to 'elkhotta'...
[info] 
[info] i  deploying hosting 
[debug] [2026-09-08T05:03:18.079Z] Checked if tokens are valid: true, expires at: 1788847138930
[debug] [2026-09-08T05:03:18.079Z] Checked if tokens are valid: true, expires at: 1788847138930
[debug] [2026-09-08T05:03:18.079Z] >>> [apiv2][query] GET https://firebasehosting.googleapis.com/v1beta1/projects/elkhotta/sites/elkheta2026 [none]
[debug] [2026-09-08T05:03:19.216Z] <<< [apiv2][status] GET https://firebasehosting.googleapis.com/v1beta1/projects/elkhotta/sites/elkheta2026 200
[debug] [2026-09-08T05:03:19.217Z] <<< [apiv2][body] GET https://firebasehosting.googleapis.com/v1beta1/projects/elkhotta/sites/elkheta2026 {"name":"projects/elkhotta/sites/elkheta2026","defaultUrl":"https://elkheta2026.web.app","appId":"1:458941220534:web:5fd511d42383f4aaf08817","type":"USER_SITE"}
[debug] [2026-09-08T05:03:19.235Z] Checked if tokens are valid: true, expires at: 1788847138930
[debug] [2026-09-08T05:03:19.235Z] Checked if tokens are valid: true, expires at: 1788847138930
[debug] [2026-09-08T05:03:19.240Z] >>> [apiv2][query] POST https://firebasehosting.googleapis.com/v1beta1/projects/-/sites/elkheta2026/versions [none]
[debug] [2026-09-08T05:03:19.241Z] >>> [apiv2][body] POST https://firebasehosting.googleapis.com/v1beta1/projects/-/sites/elkheta2026/versions {"status":"CREATED","labels":{"deployment-tool":"cli-firebase"}}
[debug] [2026-09-08T05:03:21.251Z] <<< [apiv2][status] POST https://firebasehosting.googleapis.com/v1beta1/projects/-/sites/elkheta2026/versions 200
[debug] [2026-09-08T05:03:21.251Z] <<< [apiv2][body] POST https://firebasehosting.googleapis.com/v1beta1/projects/-/sites/elkheta2026/versions {"name":"projects/458941220534/sites/elkheta2026/versions/305c7d69c46a6cf0","status":"CREATED","config":{},"labels":{"deployment-tool":"cli-firebase"}}
[info] i  hosting[elkheta2026]: beginning deploy... 
[info] i  hosting[elkheta2026]: found 94 files in . 
[debug] [2026-09-08T05:03:21.272Z] [hosting] uploading with 200 concurrency
[debug] [2026-09-08T05:03:21.298Z] Checked if tokens are valid: true, expires at: 1788847138930
[debug] [2026-09-08T05:03:21.299Z] Checked if tokens are valid: true, expires at: 1788847138930
[debug] [2026-09-08T05:03:21.300Z] [hosting] hash cache [] stored for 94 files
[debug] [2026-09-08T05:03:21.300Z] [hosting][hash queue][FINAL] {"max":18,"min":0,"avg":1.4333124537652326,"active":0,"complete":94,"success":94,"errored":0,"retried":0,"total":94,"elapsed":27}
[debug] [2026-09-08T05:03:21.301Z] >>> [apiv2][query] POST https://firebasehosting.googleapis.com/v1beta1/projects/458941220534/sites/elkheta2026/versions/305c7d69c46a6cf0:populateFiles [none]
[debug] [2026-09-08T05:03:21.301Z] >>> [apiv2][body] POST https://firebasehosting.googleapis.com/v1beta1/projects/458941220534/sites/elkheta2026/versions/305c7d69c46a6cf0:populateFiles {"files":{"/toast.js":"f9b039cd40919701aa79247ee95e24a9ad173d9c6ceba5eab5c9d30ed0d418b6","/test_mistakes.js":"99f5a12bc4cdb869d07d7d3973bb3f777de9b6870bd2a5bb4255c8a912654d84","/temp_test6.js":"68ce5ffcf7f0175bfcf454def9a51a168cc630f3a13fb88d5130c06ea007a6c6","/temp_test5.js":"7dc5d7a554e5d253ee368c404d1a12dfd242095ce6dc89de6125654540b18f8e","/temp_test4.js":"7dc5d7a554e5d253ee368c404d1a12dfd242095ce6dc89de6125654540b18f8e","/temp_test3.js":"14262b4b1b7d715f990f4b9216171020b2dc5510b05d81380f18a6365da152fd","/temp_test2.js":"c26037f1ae10ad84f8271f793b0767efc320ffa8623e152ec8ac71505df5d5f2","/temp_test.js":"059938db31f98a216c3318ec64124ce6f60d6f235553245deb426b987d52b77e","/style.css":"2f66e182dc975371a54b0272a971c3311cb9fd9cdc8f606bf48b987ffdbba7e5","/student-guard.js":"a1d3a0637d295d1f3a30382647d1ed6adb067782e14ca4e81ec22ba01f4cc111","/send_notifications.py":"3bb115b08589a92169d5707b71c40b796adbd56d5441844c60bb26942287fed0","/register.html":"00f94c5706e67146c8eb82c759c94e1e65b2966848ebcc8909a608984d91f8cd","/quiz.html":"4760e112cdd47ca470d7fcce2f722829a82f5ce486bd2dc165557774e3e845a5","/pwa-installer.js":"f6ca11733e1fcb55f52ed84f460947989a1669d82399db6cf70aeff8de9f6f3c","/profile.html":"4552c41869bde6b805c2691e31c9252c0fe575c20a2fb100687bcaac07119fc6","/privacy.html":"22bdd8fc33688edafd2837cd4e7c4b890f1f20e004637affa214fc9efec721cf","/planner.html":"295b034beeda6995b7b407b3e7947886fa925b63ea1c5ec0efc10d705f388a08","/package.json":"a07d76339003a5c9ce09256969543a65a56e0d5d2e8418514136103cc305583e","/package-lock.json":"5f90af22ca765b4f16c8eb4133ec9f2353075fdcca804e63fe1a7f42e5ba34b7","/offline.html":"0d8ec44bcb4c37afb4914cd530b5d8ea6dba609452b0f6a4bafdc9157ea8e60a","/offline-overlay.js":"c4d487a5a67188d404caa9b8c298c12464147387f9049010d92006292fd97242","/notifications.html":"8bc01568d454d638c1fa2eaffbaa212516487d1b27cafa2fbac1d560297317b7","/mysql-api.js":"e9528ce1ad16ece517c1c2154448764ba17ab749a28deb00753dea1cf6f1c0d0","/mistakes.html":"37f59826e54d0244a038fbfbe47364a66deb8170decc1cd5c851a21169784daa","/map.html":"ada4ca38a8fd40d41d67d60d50139d80fa0c4beb134ec644a9b8b663f9edee7e","/manifest.json":"45f95a087146a365caaa70c2300a0a9eb57684b47ca7d9bb8ad4edc6cac2a14a","/make_notif.py":"79e7cbc4a2ba6c3600b9c1f7c6f50f9f11ec59dcad0aa4f86fd27f7369966e1c","/logo.png":"734c04e64662f304d5112fde6ab2b0ec88e186d3bd05eff1b9abb8cdee75bebb","/lessons.html":"8eba277f7e0d2555b49f51913d2b932f8771342d0940e6d725945d96457f457f","/lectures.html":"7e8bff3c1b79f4879fee69280a9d53ea66fa127b11ff08bdece9ad3bc5fdb0ef","/leaderboard.html":"b225b931c4d61242ec2fb042b155aba26cbd5766b3b972a8a83b70302df9992c","/index.html":"7877ebdc707296c9af8e581ae662938226dd77453ec41bae45ec91dbee69aaec","/home.html":"fad56355b4c94aa444483101be026b69db9f84d8be6cab5815c66e9bf6463e6d","/guide.html":"3982dffb5d0b8044a2531d007f1c6ba38ee8fb4b1ffc7182ef0977a7b6088a30","/fix_chat_del.js":"5f961df153c9d5ae18f2347ea9a4ebdeff7ac0369cb19a0110705b9c6effd687","/firebase-messaging-sw.js":"cfaf74a7774f1d3272cb9ba91ce26421db7590f586a7c23e311ec46b2928d7bd","/firebase-config.js":"a31fdffbfdad8cd900e63f92d3342cdc658d0c68bb9ed5ff83a9e039eb8b25fc","/display-code.html":"9546eaa180f4d06eede988ff5f9772560b7004298a42047528021160f8eed1a0","/database.rules.json":"a4f485028e4778982e45e3dc722bd53a8ffd32c3968b7ad530608a49898db8e6","/custom-dialogs.js":"13682d945c2d3487da62da97f0d1f7ee44f02d815c94a16d4c9db75f7973ae18","/courses.html":"e5e87568b6c16fb2bc0bd1ea58650d6e21ff72f10373b7bc1d822988b93b5b40","/community.html":"b2071fa032354589a3214851d68ac86b25d56520f6a64c9bb409c75e9a170182","/chat.html":"0f19fbd98f79f1cd01a5bc7593998d6e2a12e4114e84bf9286ebc63c7c1e2410","/ai-report.html":"f9698e8af583fd5aaa49271825bbfea1f12dff44e614e96c0e87f6e68d7008aa","/admin-upload-exam-backup.html":"aa7cfa4b4daf333aaa8ebec5808e73ec4ab7c88b5524adfa1754e4fdabe36d95","/admin-students.html":"de9939985a328b07eda6181c29cb838ad609cb98a61b76bb0246ac8c83c3bbc3","/admin-results.html":"151470b4d8221ed402009a136404c812a79a5b3d79c412c395f0f7ec2d8ecedf","/admin-reports.html":"6b9dd41773969c6d4531ce548a62ffb5d797a491ccb70165b21d4abab9ecf92c","/admin-otps.html":"c539ac2d41b9c2837d2b7390451ccca194aa3f76cae243d615a89a1deea2557f","/admin-notifications.html":"d963ee97be373eecfacf399b3f8f8ad1d7a485e7455d0298b53db62107ddb950","/admin-mysql.html":"dfcad676383190ec0862c51332141a771637b9ea3ae6873e0f29614a77a504c7","/admin-mistakes.html":"f6be6fb49172158be47c53e7c1abbe25d7635b99c11957dd64452b9865c01fce","/admin-lessons.html":"5cc5f37f41fa0621f41ce4410819c3c75d606e87e037040ea5a4103ae486f16a","/admin-gate.html":"6a9151abe49d409b1beb5a89a5e98324a0bc1a275efe48f31d29a3ea6a468f09","/admin-courses.html":"e668e2c3d0faa69f610420e3c777e95f37e6a095bd5ca9ff621cc5e52eb71bb3","/admin-config.html":"235bc28eb1fe607c23c84175f18d991799ff7d73e47553811418ff5967d07723","/admin-community.html":"6b402abc486f1c59fabf2574a85558656963035d1d10e6db570657d18ff778f7","/admin-codes.html":"ef9c48485b919f53ced1d1a7d5c5ca2ad57db7b0e44d7f16ccae6d6a00d233e3","/admin-classes.html":"43ef78ca894423e8d05c3dbf8bc8f79f77271c5b20b359936ef34751edf0625c","/admin-chat.html":"a5cf4a3cc6df294ed963d761ce8efd64cbbdb31b8a3a3bda181325ff81a35819","/test_db/package.json":"34e8d3c48d4189c4709b8554b5139a02b8fd457dc30e66fb1bcc75c48cfa336b","/test_db/package-lock.json":"256e06777c23794b26f8f1807d06325d6e251d252a19c90f381b6bbf2861fa0e","/scratch/show_question_full.js":"46b50c321b39e89a491b6727a01628c34245605a30beb3e7414c5e01cff90e6e","/scratch/quiz_styles.css":"b785e97b718099471837dee4f56f38796af11cf9395cc5fb6c6daf0dce82f74a","/scratch/quiz_show_question.txt":"17c7c6d374feeea98b528c2a630e68153f58c7d2e49e6b688460ccc8d99e1f54","/scratch/quiz_script.js":"9142a918ffad65710840e551479ec0afae0f4e3b3887716e71a0e2ad04d3b8fe","/scratch/light_theme.js":"350e287215f6bd4f72957aad200af66b3a2bb974ce1566c500ac7bdf9750d34f","/scratch/lesson_script_check_6.js":"df74ceee3eb546b63925232ada894601ed7dd803af1ef018851a3de12f8c8bf9","/scratch/lesson_script_check_5.js":"46b50c321b39e89a491b6727a01628c34245605a30beb3e7414c5e01cff90e6e","/scratch/lesson_script_check_4.js":"46b50c321b39e89a491b6727a01628c34245605a30beb3e7414c5e01cff90e6e","/scratch/lesson_script_check_3.js":"46b50c321b39e89a491b6727a01628c34245605a30beb3e7414c5e01cff90e6e","/scratch/lesson_script_check_2.js":"46b50c321b39e89a491b6727a01628c34245605a30beb3e7414c5e01cff90e6e","/scratch/lesson_script_check_1.js":"46b50c321b39e89a491b6727a01628c34245605a30beb3e7414c5e01cff90e6e","/scratch/lesson_script_check_0.js":"36f172d209185b3d5eb09b3ddd067a9f0cb28fea54f61c97786e4c0cae6acaad","/scratch/lesson_script_6.js":"38457ed7065d2116eb06f05636fa72a4a06d298fb74bc7862e75fbeb6d33a372","/scratch/lesson_script_5.js":"46b50c321b39e89a491b6727a01628c34245605a30beb3e7414c5e01cff90e6e","/scratch/lesson_script_4.js":"46b50c321b39e89a491b6727a01628c34245605a30beb3e7414c5e01cff90e6e","/scratch/lesson_script_3.js":"46b50c321b39e89a491b6727a01628c34245605a30beb3e7414c5e01cff90e6e","/scratch/lesson_script_2.js":"46b50c321b39e89a491b6727a01628c34245605a30beb3e7414c5e01cff90e6e","/scratch/lesson_script_1.js":"46b50c321b39e89a491b6727a01628c34245605a30beb3e7414c5e01cff90e6e","/scratch/lesson_script_0.js":"36f172d209185b3d5eb09b3ddd067a9f0cb28fea54f61c97786e4c0cae6acaad","/scratch/debug_quiz_syn.js":"da004ebade805b1252eaaaea06aeb3479d7bf0dc8d33756647b90da6a863d651","/scratch/debug_quiz_all.js":"755021a67f01305013e9528c48226b6a99a4f0d824dfd3421547ff04c7d5d35c","/scratch/debug_quiz5.js":"756852b04138a9736955926bd434f7f8e6ec623d75ea038c628dc2fcf8c8d2df","/scratch/debug_quiz3.js":"46b50c321b39e89a491b6727a01628c34245605a30beb3e7414c5e01cff90e6e","/scratch/debug_quiz2.js":"9142a918ffad65710840e551479ec0afae0f4e3b3887716e71a0e2ad04d3b8fe","/scratch/debug_quiz.js":"9142a918ffad65710840e551479ec0afae0f4e3b3887716e71a0e2ad04d3b8fe","/icons/icon.svg":"50aea8c149b5962e73f872f709ceeadffd6217928b16b937f28477142133d44e","/icons/icon-apple.png":"49e6eb200987d02bdf7a3272dc6151ed2d389d7782152bb9cb794a19de0f4e99","/icons/icon-512.png":"8c65e0dd2723ee470d65d76a7aecc1688dfeff37c723f598bf725a91818209f5","/icons/icon-192.png":"49e6eb200987d02bdf7a3272dc6151ed2d389d7782152bb9cb794a19de0f4e99","/service-worker.js":"ae4bd89be81625982c621b3bba4c67ea62e19841f782fd90a4642941fd180bc8","/student-drawer.js":"e3dd7a717f8fd4bb0cd375345816a8cb7e1b033a1fa01974aa301fda1bb4d8b0","/admin-panel.html":"827986d7aa3c49e10f2755565e3c9de4b93c20343ba18438cf86b93fda8a0e9c"}}
[debug] [2026-09-08T05:03:22.656Z] <<< [apiv2][status] POST https://firebasehosting.googleapis.com/v1beta1/projects/458941220534/sites/elkheta2026/versions/305c7d69c46a6cf0:populateFiles 200
[debug] [2026-09-08T05:03:22.656Z] <<< [apiv2][body] POST https://firebasehosting.googleapis.com/v1beta1/projects/458941220534/sites/elkheta2026/versions/305c7d69c46a6cf0:populateFiles {"uploadRequiredHashes":["ae4bd89be81625982c621b3bba4c67ea62e19841f782fd90a4642941fd180bc8","827986d7aa3c49e10f2755565e3c9de4b93c20343ba18438cf86b93fda8a0e9c","e3dd7a717f8fd4bb0cd375345816a8cb7e1b033a1fa01974aa301fda1bb4d8b0"],"uploadUrl":"https://upload-firebasehosting.googleapis.com/upload/sites/elkheta2026/versions/305c7d69c46a6cf0/files"}
[debug] [2026-09-08T05:03:22.656Z] Checked if tokens are valid: true, expires at: 1788847138930
[debug] [2026-09-08T05:03:22.656Z] Checked if tokens are valid: true, expires at: 1788847138930
[debug] [2026-09-08T05:03:22.657Z] Checked if tokens are valid: true, expires at: 1788847138930
[debug] [2026-09-08T05:03:22.657Z] Checked if tokens are valid: true, expires at: 1788847138930
[debug] [2026-09-08T05:03:22.657Z] Checked if tokens are valid: true, expires at: 1788847138930
[debug] [2026-09-08T05:03:22.657Z] Checked if tokens are valid: true, expires at: 1788847138930
[debug] [2026-09-08T05:03:22.657Z] >>> [apiv2][query] POST https://upload-firebasehosting.googleapis.com/upload/sites/elkheta2026/versions/305c7d69c46a6cf0/files/ae4bd89be81625982c621b3bba4c67ea62e19841f782fd90a4642941fd180bc8 [none]
[debug] [2026-09-08T05:03:22.657Z] >>> [apiv2][body] POST https://upload-firebasehosting.googleapis.com/upload/sites/elkheta2026/versions/305c7d69c46a6cf0/files/ae4bd89be81625982c621b3bba4c67ea62e19841f782fd90a4642941fd180bc8 [stream]
[debug] [2026-09-08T05:03:22.661Z] >>> [apiv2][query] POST https://upload-firebasehosting.googleapis.com/upload/sites/elkheta2026/versions/305c7d69c46a6cf0/files/827986d7aa3c49e10f2755565e3c9de4b93c20343ba18438cf86b93fda8a0e9c [none]
[debug] [2026-09-08T05:03:22.661Z] >>> [apiv2][body] POST https://upload-firebasehosting.googleapis.com/upload/sites/elkheta2026/versions/305c7d69c46a6cf0/files/827986d7aa3c49e10f2755565e3c9de4b93c20343ba18438cf86b93fda8a0e9c [stream]
[debug] [2026-09-08T05:03:22.663Z] >>> [apiv2][query] POST https://upload-firebasehosting.googleapis.com/upload/sites/elkheta2026/versions/305c7d69c46a6cf0/files/e3dd7a717f8fd4bb0cd375345816a8cb7e1b033a1fa01974aa301fda1bb4d8b0 [none]
[debug] [2026-09-08T05:03:22.663Z] >>> [apiv2][body] POST https://upload-firebasehosting.googleapis.com/upload/sites/elkheta2026/versions/305c7d69c46a6cf0/files/e3dd7a717f8fd4bb0cd375345816a8cb7e1b033a1fa01974aa301fda1bb4d8b0 [stream]
[debug] [2026-09-08T05:03:22.672Z] [hosting][populate queue][FINAL] {"max":1359,"min":1359,"avg":1359,"active":0,"complete":1,"success":1,"errored":0,"retried":0,"total":1,"elapsed":1374}
[debug] [2026-09-08T05:03:22.673Z] [hosting] uploads queued: 3
[info] i  hosting: uploading new files [0/3] (0%) 
[debug] [2026-09-08T05:03:23.909Z] <<< [apiv2][status] POST https://upload-firebasehosting.googleapis.com/upload/sites/elkheta2026/versions/305c7d69c46a6cf0/files/ae4bd89be81625982c621b3bba4c67ea62e19841f782fd90a4642941fd180bc8 200
[debug] [2026-09-08T05:03:23.909Z] <<< [apiv2][body] POST https://upload-firebasehosting.googleapis.com/upload/sites/elkheta2026/versions/305c7d69c46a6cf0/files/ae4bd89be81625982c621b3bba4c67ea62e19841f782fd90a4642941fd180bc8 [stream]
[debug] [2026-09-08T05:03:23.917Z] <<< [apiv2][status] POST https://upload-firebasehosting.googleapis.com/upload/sites/elkheta2026/versions/305c7d69c46a6cf0/files/827986d7aa3c49e10f2755565e3c9de4b93c20343ba18438cf86b93fda8a0e9c 200
[debug] [2026-09-08T05:03:23.917Z] <<< [apiv2][body] POST https://upload-firebasehosting.googleapis.com/upload/sites/elkheta2026/versions/305c7d69c46a6cf0/files/827986d7aa3c49e10f2755565e3c9de4b93c20343ba18438cf86b93fda8a0e9c [stream]
[debug] [2026-09-08T05:03:24.308Z] <<< [apiv2][status] POST https://upload-firebasehosting.googleapis.com/upload/sites/elkheta2026/versions/305c7d69c46a6cf0/files/e3dd7a717f8fd4bb0cd375345816a8cb7e1b033a1fa01974aa301fda1bb4d8b0 200
[debug] [2026-09-08T05:03:24.308Z] <<< [apiv2][body] POST https://upload-firebasehosting.googleapis.com/upload/sites/elkheta2026/versions/305c7d69c46a6cf0/files/e3dd7a717f8fd4bb0cd375345816a8cb7e1b033a1fa01974aa301fda1bb4d8b0 [stream]
[debug] [2026-09-08T05:03:24.308Z] [hosting][upload queue][FINAL] {"max":1651,"min":1253,"avg":1388.3333333333333,"active":0,"complete":3,"success":3,"errored":0,"retried":0,"total":3,"elapsed":1652}
[info] i  hosting: upload complete 
[info] +  hosting[elkheta2026]: file upload complete 
[debug] [2026-09-08T05:03:24.309Z] [hosting] deploy completed after 3056ms
[debug] [2026-09-08T05:03:24.309Z] [
  {
    "config": {
      "site": "elkheta2026",
      "public": ".",
      "ignore": [
        "firebase.json",
        "**/.*",
        "**/node_modules/**",
        "python_manager/**",
        "delete_exams.js",
        "clear_exams.html"
      ],
      "headers": [
        {
          "source": "**/*.@(js|css)",
          "headers": [
            {
              "key": "Cache-Control",
              "value": "public, max-age=31536000, immutable"
            }
          ]
        },
        {
          "source": "**/*.@(woff|woff2|ttf|otf|eot)",
          "headers": [
            {
              "key": "Cache-Control",
              "value": "public, max-age=31536000, immutable"
            }
          ]
        },
        {
          "source": "**/*.@(png|jpg|jpeg|gif|webp|svg|ico)",
          "headers": [
            {
              "key": "Cache-Control",
              "value": "public, max-age=2592000"
            }
          ]
        },
        {
          "source": "**/*.html",
          "headers": [
            {
              "key": "Cache-Control",
              "value": "no-cache"
            }
          ]
        }
      ],
      "rewrites": [
        {
          "source": "/",
          "destination": "/index.html"
        }
      ]
    },
    "version": "projects/458941220534/sites/elkheta2026/versions/305c7d69c46a6cf0"
  }
]
[info] i  hosting[elkheta2026]: finalizing version... 
[debug] [2026-09-08T05:03:24.311Z] Checked if tokens are valid: true, expires at: 1788847138930
[debug] [2026-09-08T05:03:24.311Z] Checked if tokens are valid: true, expires at: 1788847138930
[debug] [2026-09-08T05:03:24.311Z] >>> [apiv2][query] PATCH https://firebasehosting.googleapis.com/v1beta1/projects/-/sites/elkheta2026/versions/305c7d69c46a6cf0 updateMask=status%2Cconfig
[debug] [2026-09-08T05:03:24.311Z] >>> [apiv2][body] PATCH https://firebasehosting.googleapis.com/v1beta1/projects/-/sites/elkheta2026/versions/305c7d69c46a6cf0 {"status":"FINALIZED","config":{"rewrites":[{"glob":"/","path":"/index.html"}],"headers":[{"glob":"**/*.@(js|css)","headers":{"Cache-Control":"public, max-age=31536000, immutable"}},{"glob":"**/*.@(woff|woff2|ttf|otf|eot)","headers":{"Cache-Control":"public, max-age=31536000, immutable"}},{"glob":"**/*.@(png|jpg|jpeg|gif|webp|svg|ico)","headers":{"Cache-Control":"public, max-age=2592000"}},{"glob":"**/*.html","headers":{"Cache-Control":"no-cache"}}]}}
[debug] [2026-09-08T05:03:25.833Z] <<< [apiv2][status] PATCH https://firebasehosting.googleapis.com/v1beta1/projects/-/sites/elkheta2026/versions/305c7d69c46a6cf0 200
[debug] [2026-09-08T05:03:25.834Z] <<< [apiv2][body] PATCH https://firebasehosting.googleapis.com/v1beta1/projects/-/sites/elkheta2026/versions/305c7d69c46a6cf0 {"name":"projects/458941220534/sites/elkheta2026/versions/305c7d69c46a6cf0","status":"FINALIZED","config":{"headers":[{"headers":{"Cache-Control":"public, max-age=31536000, immutable"},"glob":"**/*.@(js|css)"},{"headers":{"Cache-Control":"public, max-age=31536000, immutable"},"glob":"**/*.@(woff|woff2|ttf|otf|eot)"},{"headers":{"Cache-Control":"public, max-age=2592000"},"glob":"**/*.@(png|jpg|jpeg|gif|webp|svg|ico)"},{"headers":{"Cache-Control":"no-cache"},"glob":"**/*.html"}],"rewrites":[{"glob":"/","path":"/index.html"}]},"labels":{"deployment-tool":"cli-firebase"},"createTime":"2026-09-08T05:03:17.225155Z","createUser":{"email":"abdulrahman.nasser.professional@gmail.com"},"finalizeTime":"2026-09-08T05:03:22.985856Z","finalizeUser":{"email":"abdulrahman.nasser.professional@gmail.com"}}
[debug] [2026-09-08T05:03:25.834Z] [hosting] finalized version for elkheta2026:[object Object]
[info] +  hosting[elkheta2026]: version finalized 
[info] i  hosting[elkheta2026]: releasing new version... 
[debug] [2026-09-08T05:03:25.835Z] Checked if tokens are valid: true, expires at: 1788847138930
[debug] [2026-09-08T05:03:25.835Z] Checked if tokens are valid: true, expires at: 1788847138930
[debug] [2026-09-08T05:03:25.836Z] >>> [apiv2][query] POST https://firebasehosting.googleapis.com/v1beta1/projects/-/sites/elkheta2026/channels/live/releases versionName=projects%2F458941220534%2Fsites%2Felkheta2026%2Fversions%2F305c7d69c46a6cf0
[debug] [2026-09-08T05:03:25.836Z] >>> [apiv2][body] POST https://firebasehosting.googleapis.com/v1beta1/projects/-/sites/elkheta2026/channels/live/releases {}
[debug] [2026-09-08T05:03:27.765Z] <<< [apiv2][status] POST https://firebasehosting.googleapis.com/v1beta1/projects/-/sites/elkheta2026/channels/live/releases 200
[debug] [2026-09-08T05:03:27.766Z] <<< [apiv2][body] POST https://firebasehosting.googleapis.com/v1beta1/projects/-/sites/elkheta2026/channels/live/releases {"name":"projects/458941220534/sites/elkheta2026/channels/live/releases/1788843803970000","version":{"name":"projects/458941220534/sites/elkheta2026/versions/305c7d69c46a6cf0","status":"FINALIZED","config":{"headers":[{"headers":{"Cache-Control":"public, max-age=31536000, immutable"},"glob":"**/*.@(js|css)"},{"headers":{"Cache-Control":"public, max-age=31536000, immutable"},"glob":"**/*.@(woff|woff2|ttf|otf|eot)"},{"headers":{"Cache-Control":"public, max-age=2592000"},"glob":"**/*.@(png|jpg|jpeg|gif|webp|svg|ico)"},{"headers":{"Cache-Control":"no-cache"},"glob":"**/*.html"}],"rewrites":[{"glob":"/","path":"/index.html"}]},"labels":{"deployment-tool":"cli-firebase"},"createTime":"2026-09-08T05:03:17.225155Z","createUser":{"email":"abdulrahman.nasser.professional@gmail.com","imageUrl":"https://lh3.googleusercontent.com/a/ACg8ocI3B7VhDH9HnW2VLCdMtWMhhkIt1e_2Ip89xpEmTyjxUJ1CRg=mo"},"finalizeTime":"2026-09-08T05:03:22.985856Z","finalizeUser":{"email":"abdulrahman.nasser.professional@gmail.com","imageUrl":"https://lh3.googleusercontent.com/a/ACg8ocI3B7VhDH9HnW2VLCdMtWMhhkIt1e_2Ip89xpEmTyjxUJ1CRg=mo"}},"type":"DEPLOY","releaseTime":"2026-09-08T05:03:23.970Z","releaseUser":{"email":"abdulrahman.nasser.professional@gmail.com","imageUrl":"https://lh3.googleusercontent.com/a/ACg8ocI3B7VhDH9HnW2VLCdMtWMhhkIt1e_2Ip89xpEmTyjxUJ1CRg=mo"}}
[debug] [2026-09-08T05:03:27.766Z] [hosting] release: {"name":"projects/458941220534/sites/elkheta2026/channels/live/releases/1788843803970000","version":{"name":"projects/458941220534/sites/elkheta2026/versions/305c7d69c46a6cf0","status":"FINALIZED","config":{"headers":[{"headers":{"Cache-Control":"public, max-age=31536000, immutable"},"glob":"**/*.@(js|css)"},{"headers":{"Cache-Control":"public, max-age=31536000, immutable"},"glob":"**/*.@(woff|woff2|ttf|otf|eot)"},{"headers":{"Cache-Control":"public, max-age=2592000"},"glob":"**/*.@(png|jpg|jpeg|gif|webp|svg|ico)"},{"headers":{"Cache-Control":"no-cache"},"glob":"**/*.html"}],"rewrites":[{"glob":"/","path":"/index.html"}]},"labels":{"deployment-tool":"cli-firebase"},"createTime":"2026-09-08T05:03:17.225155Z","createUser":{"email":"abdulrahman.nasser.professional@gmail.com","imageUrl":"https://lh3.googleusercontent.com/a/ACg8ocI3B7VhDH9HnW2VLCdMtWMhhkIt1e_2Ip89xpEmTyjxUJ1CRg=mo"},"finalizeTime":"2026-09-08T05:03:22.985856Z","finalizeUser":{"email":"abdulrahman.nasser.professional@gmail.com","imageUrl":"https://lh3.googleusercontent.com/a/ACg8ocI3B7VhDH9HnW2VLCdMtWMhhkIt1e_2Ip89xpEmTyjxUJ1CRg=mo"}},"type":"DEPLOY","releaseTime":"2026-09-08T05:03:23.970Z","releaseUser":{"email":"abdulrahman.nasser.professional@gmail.com","imageUrl":"https://lh3.googleusercontent.com/a/ACg8ocI3B7VhDH9HnW2VLCdMtWMhhkIt1e_2Ip89xpEmTyjxUJ1CRg=mo"}}
[info] +  hosting[elkheta2026]: release complete 
[info] 
[info] +  Deploy complete! 
[info] 
[info] Project Console: https://console.firebase.google.com/project/elkhotta/overview
[info] Hosting URL: https://elkheta2026.web.app
[debug] [2026-09-08T05:03:32.968Z] Error: Timed out.
    at Timeout.<anonymous> (C:\Users\Dell\AppData\Roaming\npm\node_modules\firebase-tools\lib\utils.js:296:49)
    at listOnTimeout (node:internal/timers:605:17)
    at process.processTimers (node:internal/timers:541:7)
[error] 
[error] Error: An unexpected error has occurred.
